\BOOKMARK [1][-]{section.1}{\376\377\004\033\004\070\004\075\004\065\004\071\004\075\004\113\004\065\000\040\004\074\004\076\004\064\004\065\004\073\004\070}{}% 1
\BOOKMARK [2][-]{subsection.1.1}{\376\377\004\042\004\070\004\077\004\076\004\073\004\076\004\063\004\070\004\117\000\040\004\067\004\060\004\064\004\060\004\107\000\040\004\074\004\060\004\110\004\070\004\075\004\075\004\076\004\063\004\076\000\040\004\076\004\061\004\103\004\107\004\065\004\075\004\070\004\117}{section.1}% 2
\BOOKMARK [3][-]{subsubsection.1.1.1}{\376\377\004\036\004\061\004\103\004\107\004\065\004\075\004\070\004\065\000\040\004\101\000\040\004\103\004\107\004\070\004\102\004\065\004\073\004\065\004\074\000\040\000\050\000S\000u\000p\000e\000r\000v\000i\000s\000e\000d\000\040\000L\000e\000a\000r\000n\000i\000n\000g\000\051}{subsection.1.1}% 3
\BOOKMARK [3][-]{subsubsection.1.1.2}{\376\377\004\036\004\061\004\103\004\107\004\065\004\075\004\070\004\065\000\040\004\061\004\065\004\067\000\040\004\103\004\107\004\070\004\102\004\065\004\073\004\117\000\040\000\050\000U\000n\000s\000u\000p\000e\000r\000v\000i\000s\000e\000d\000\040\000L\000e\000a\000r\000n\000i\000n\000g\000\051}{subsection.1.1}% 4
\BOOKMARK [2][-]{subsection.1.2}{\376\377\004\034\004\060\004\102\004\065\004\074\004\060\004\102\004\070\004\107\004\065\004\101\004\072\004\070\004\071\000\040\004\060\004\077\004\077\004\060\004\100\004\060\004\102\000\040\004\070\000\040\004\076\004\061\004\076\004\067\004\075\004\060\004\107\004\065\004\075\004\070\004\117}{section.1}% 5
\BOOKMARK [3][-]{subsubsection.1.2.1}{\376\377\004\036\004\061\004\076\004\067\004\075\004\060\004\107\004\065\004\075\004\070\004\117}{subsection.1.2}% 6
\BOOKMARK [3][-]{subsubsection.1.2.2}{\376\377\004\040\004\065\004\110\004\065\004\075\004\070\004\065\000\040\004\034\004\035\004\032\000\040\000\050\000O\000r\000d\000i\000n\000a\000r\000y\000\040\000L\000e\000a\000s\000t\000\040\000S\000q\000u\000a\000r\000e\000s\000\051}{subsection.1.2}% 7
\BOOKMARK [3][-]{subsubsection.1.2.3}{\376\377\004\047\004\070\004\101\004\073\004\065\004\075\004\075\004\113\004\065\000\040\004\074\004\065\004\102\004\076\004\064\004\113\000:\000\040\000Q\000R\000-\004\100\004\060\004\067\004\073\004\076\004\066\004\065\004\075\004\070\004\065}{subsection.1.2}% 8
\BOOKMARK [3][-]{subsubsection.1.2.4}{\376\377\004\023\004\100\004\060\004\064\004\070\004\065\004\075\004\102\004\075\004\113\004\071\000\040\004\101\004\077\004\103\004\101\004\072\000\040\000\050\000G\000r\000a\000d\000i\000e\000n\000t\000\040\000D\000e\000s\000c\000e\000n\000t\000\051}{subsection.1.2}% 9
\BOOKMARK [2][-]{subsection.1.3}{\376\377\004\036\004\061\004\100\004\060\004\061\004\076\004\102\004\072\004\060\000\040\004\072\004\060\004\102\004\065\004\063\004\076\004\100\004\070\004\060\004\073\004\114\004\075\004\113\004\105\000\040\004\077\004\100\004\070\004\067\004\075\004\060\004\072\004\076\004\062}{section.1}% 10
\BOOKMARK [3][-]{subsubsection.1.3.1}{\376\377\000O\000n\000e\000-\000H\000o\000t\000\040\000E\000n\000c\000o\000d\000i\000n\000g\000\040\000\050\000O\000H\000E\000\051}{subsection.1.3}% 11
\BOOKMARK [2][-]{subsection.1.4}{\376\377\004\030\004\075\004\102\004\065\004\100\004\077\004\100\004\065\004\102\004\070\004\100\004\103\004\065\004\074\004\076\004\101\004\102\004\114\000\040\004\074\004\076\004\064\004\065\004\073\004\065\004\071}{section.1}% 12
\BOOKMARK [3][-]{subsubsection.1.4.1}{\376\377\004\033\004\070\004\075\004\065\004\071\004\075\004\113\004\065\000\040\004\074\004\076\004\064\004\065\004\073\004\070}{subsection.1.4}% 13
\BOOKMARK [3][-]{subsubsection.1.4.2}{\376\377\004\040\004\065\004\110\004\060\004\116\004\111\004\070\004\065\000\040\004\064\004\065\004\100\004\065\004\062\004\114\004\117}{subsection.1.4}% 14
\BOOKMARK [2][-]{subsection.1.5}{\376\377\004\041\004\062\004\076\004\071\004\101\004\102\004\062\004\060\000\040\004\070\000\040\004\076\004\063\004\100\004\060\004\075\004\070\004\107\004\065\004\075\004\070\004\117\000\040\004\073\004\070\004\075\004\065\004\071\004\075\004\113\004\105\000\040\004\074\004\076\004\064\004\065\004\073\004\065\004\071}{section.1}% 15
\BOOKMARK [3][-]{subsubsection.1.5.1}{\376\377\004\041\004\062\004\076\004\071\004\101\004\102\004\062\004\060}{subsection.1.5}% 16
\BOOKMARK [3][-]{subsubsection.1.5.2}{\376\377\004\036\004\063\004\100\004\060\004\075\004\070\004\107\004\065\004\075\004\070\004\117}{subsection.1.5}% 17
\BOOKMARK [2][-]{subsection.1.6}{\376\377\004\041\004\062\004\065\004\064\004\065\004\075\004\070\004\065\000\040\004\076\004\061\004\103\004\107\004\065\004\075\004\070\004\117\000\040\004\072\000\040\004\067\004\060\004\064\004\060\004\107\004\065\000\040\004\076\004\077\004\102\004\070\004\074\004\070\004\067\004\060\004\106\004\070\004\070}{section.1}% 18
\BOOKMARK [3][-]{subsubsection.1.6.1}{\376\377\004\044\004\103\004\075\004\072\004\106\004\070\004\117\000\040\004\077\004\076\004\102\004\065\004\100\004\114\000\040\004\070\000\040\004\044\004\103\004\075\004\072\004\106\004\070\004\076\004\075\004\060\004\073\000\040\004\072\004\060\004\107\004\065\004\101\004\102\004\062\004\060}{subsection.1.6}% 19
\BOOKMARK [3][-]{subsubsection.1.6.2}{\376\377\000S\000t\000o\000c\000h\000a\000s\000t\000i\000c\000\040\000G\000r\000a\000d\000i\000e\000n\000t\000\040\000D\000e\000s\000c\000e\000n\000t\000\040\000\050\000S\000G\000D\000\051\000\040\004\070\000\040\000M\000i\000n\000i\000-\000b\000a\000t\000c\000h\000e\000s}{subsection.1.6}% 20
\BOOKMARK [2][-]{subsection.1.7}{\376\377\004\040\004\065\004\063\004\103\004\073\004\117\004\100\004\070\004\067\004\060\004\106\004\070\004\117\000\040\004\070\000\040\004\061\004\076\004\100\004\114\004\061\004\060\000\040\004\101\000\040\004\074\004\103\004\073\004\114\004\102\004\070\004\072\004\076\004\073\004\073\004\070\004\075\004\065\004\060\004\100\004\075\004\076\004\101\004\102\004\114\004\116}{section.1}% 21
\BOOKMARK [3][-]{subsubsection.1.7.1}{\376\377\004\034\004\103\004\073\004\114\004\102\004\070\004\072\004\076\004\073\004\073\004\070\004\075\004\065\004\060\004\100\004\075\004\076\004\101\004\102\004\114}{subsection.1.7}% 22
\BOOKMARK [3][-]{subsubsection.1.7.2}{\376\377\000L\0002\000-\004\100\004\065\004\063\004\103\004\073\004\117\004\100\004\070\004\067\004\060\004\106\004\070\004\117\000\040\000\050\000R\000i\000d\000g\000e\000\040\000R\000e\000g\000r\000e\000s\000s\000i\000o\000n\000\051}{subsection.1.7}% 23
\BOOKMARK [3][-]{subsubsection.1.7.3}{\376\377\000L\0001\000-\004\100\004\065\004\063\004\103\004\073\004\117\004\100\004\070\004\067\004\060\004\106\004\070\004\117\000\040\000\050\000L\000a\000s\000s\000o\000\051}{subsection.1.7}% 24
\BOOKMARK [3][-]{subsubsection.1.7.4}{\376\377\004\041\004\100\004\060\004\062\004\075\004\070\004\102\004\065\004\073\004\114\004\075\004\060\004\117\000\040\004\102\004\060\004\061\004\073\004\070\004\106\004\060}{subsection.1.7}% 25
\BOOKMARK [2][-]{subsection.1.8}{\376\377\004\033\004\076\004\063\004\070\004\101\004\102\004\070\004\107\004\065\004\101\004\072\004\060\004\117\000\040\004\100\004\065\004\063\004\100\004\065\004\101\004\101\004\070\004\117}{section.1}% 26
\BOOKMARK [3][-]{subsubsection.1.8.1}{\376\377\004\041\004\070\004\063\004\074\004\076\004\070\004\064\004\060\000\040\000\050\000\051}{subsection.1.8}% 27
\BOOKMARK [3][-]{subsubsection.1.8.2}{\376\377\004\034\004\065\004\102\004\076\004\064\000\040\004\074\004\060\004\072\004\101\004\070\004\074\004\060\004\073\004\114\004\075\004\076\004\063\004\076\000\040\004\077\004\100\004\060\004\062\004\064\004\076\004\077\004\076\004\064\004\076\004\061\004\070\004\117\000\040\000\050\000M\000L\000E\000\051}{subsection.1.8}% 28
\BOOKMARK [3][-]{subsubsection.1.8.3}{\376\377\004\030\004\067\004\074\004\065\004\075\004\065\004\075\004\070\004\117\000\040\004\077\004\100\004\076\004\101\004\102\004\100\004\060\004\075\004\101\004\102\004\062\004\060\000\040\004\077\004\100\004\070\004\067\004\075\004\060\004\072\004\076\004\062}{subsection.1.8}% 29
\BOOKMARK [2][-]{subsection.1.9}{\376\377\004\044\004\103\004\075\004\072\004\106\004\070\004\070\000\040\004\077\004\076\004\102\004\065\004\100\004\114\000\040\004\072\004\073\004\060\004\101\004\101\004\070\004\104\004\070\004\072\004\060\004\106\004\070\004\070}{section.1}% 30
\BOOKMARK [3][-]{subsubsection.1.9.1}{\376\377\000P\000e\000r\000c\000e\000p\000t\000r\000o\000n\000\040\000L\000o\000s\000s}{subsection.1.9}% 31
\BOOKMARK [3][-]{subsubsection.1.9.2}{\376\377\000H\000i\000n\000g\000e\000\040\000L\000o\000s\000s\000\040\004\070\000\040\000S\000V\000M}{subsection.1.9}% 32
\BOOKMARK [2][-]{subsection.1.10}{\376\377\000K\000e\000r\000n\000e\000l\000\040\000T\000r\000i\000c\000k\000\040\004\070\000\040\004\117\004\064\004\065\004\100\004\075\004\113\004\065\000\040\004\074\004\065\004\102\004\076\004\064\004\113}{section.1}% 33
\BOOKMARK [3][-]{subsubsection.1.10.1}{\376\377\004\041\004\103\004\102\004\114\000\040\004\074\004\065\004\102\004\076\004\064\004\060}{subsection.1.10}% 34
\BOOKMARK [3][-]{subsubsection.1.10.2}{\376\377\004\022\004\070\004\064\004\113\000\040\004\117\004\064\004\065\004\100}{subsection.1.10}% 35
\BOOKMARK [3][-]{subsubsection.1.10.3}{\376\377\000K\000e\000r\000n\000e\000l\000\040\000D\000e\000n\000s\000i\000t\000y\000\040\000E\000s\000t\000i\000m\000a\000t\000i\000o\000n\000\040\000\050\000K\000D\000E\000\051}{subsection.1.10}% 36
\BOOKMARK [2][-]{subsection.1.11}{\376\377\004\034\004\075\004\076\004\063\004\076\004\072\004\073\004\060\004\101\004\101\004\076\004\062\004\060\004\117\000\040\004\072\004\073\004\060\004\101\004\101\004\070\004\104\004\070\004\072\004\060\004\106\004\070\004\117}{section.1}% 37
\BOOKMARK [3][-]{subsubsection.1.11.1}{\376\377\004\022\004\065\004\100\004\076\004\117\004\102\004\075\004\076\004\101\004\102\004\070\000\040\004\070\000\040\000S\000o\000f\000t\000m\000a\000x}{subsection.1.11}% 38
\BOOKMARK [3][-]{subsubsection.1.11.2}{\376\377\004\044\004\103\004\075\004\072\004\106\004\070\004\117\000\040\004\077\004\076\004\102\004\065\004\100\004\114\000:\000\040\000C\000r\000o\000s\000s\000-\000E\000n\000t\000r\000o\000p\000y}{subsection.1.11}% 39
\BOOKMARK [3][-]{subsubsection.1.11.3}{\376\377\004\020\004\073\004\063\004\076\004\100\004\070\004\102\004\074\004\113\000\040\004\101\004\062\004\065\004\064\004\065\004\075\004\070\004\117\000\040\004\072\000\040\004\061\004\070\004\075\004\060\004\100\004\075\004\113\004\074\000\040\004\067\004\060\004\064\004\060\004\107\004\060\004\074}{subsection.1.11}% 40
\BOOKMARK [2][-]{subsection.1.12}{\376\377\000D\000e\000e\000p\000\040\000Q\000\046\000A\000:\000\040\004\022\004\076\004\077\004\100\004\076\004\101\004\113\000\040\004\070\000\040\004\077\004\076\004\064\004\100\004\076\004\061\004\075\004\113\004\065\000\040\004\076\004\102\004\062\004\065\004\102\004\113}{section.1}% 41
\BOOKMARK [1][-]{section.2}{\376\377\004\034\004\065\004\102\004\100\004\070\004\072\004\070\000\040\004\072\004\060\004\107\004\065\004\101\004\102\004\062\004\060\000\040\004\074\004\076\004\064\004\065\004\073\004\065\004\071}{}% 42
\BOOKMARK [2][-]{subsection.2.1}{\376\377\004\042\004\070\004\077\004\076\004\073\004\076\004\063\004\070\004\117\000\040\004\074\004\065\004\102\004\100\004\070\004\072}{section.2}% 43
\BOOKMARK [3][-]{subsubsection.2.1.1}{\376\377\004\036\004\104\004\073\004\060\004\071\004\075\004\076\004\062\004\113\004\065\000\040\004\074\004\065\004\102\004\100\004\070\004\072\004\070}{subsection.2.1}% 44
\BOOKMARK [3][-]{subsubsection.2.1.2}{\376\377\004\036\004\075\004\073\004\060\004\071\004\075\004\076\004\062\004\113\004\065\000\040\004\074\004\065\004\102\004\100\004\070\004\072\004\070}{subsection.2.1}% 45
\BOOKMARK [3][-]{subsubsection.2.1.3}{\376\377\004\032\004\073\004\116\004\107\004\065\004\062\004\113\004\065\000\040\004\076\004\102\004\073\004\070\004\107\004\070\004\117}{subsection.2.1}% 46
\BOOKMARK [2][-]{subsection.2.2}{\376\377\004\044\004\103\004\075\004\072\004\106\004\070\004\117\000\040\004\077\004\076\004\102\004\065\004\100\004\114\000\040\000v\000s\000\040\004\034\004\065\004\102\004\100\004\070\004\072\004\060\000\040\004\072\004\060\004\107\004\065\004\101\004\102\004\062\004\060}{section.2}% 47
\BOOKMARK [3][-]{subsubsection.2.2.1}{\376\377\004\044\004\103\004\075\004\072\004\106\004\070\004\117\000\040\004\077\004\076\004\102\004\065\004\100\004\114\000\040\000\050\000L\000o\000s\000s\000\040\000F\000u\000n\000c\000t\000i\000o\000n\000\051}{subsection.2.2}% 48
\BOOKMARK [3][-]{subsubsection.2.2.2}{\376\377\004\034\004\065\004\102\004\100\004\070\004\072\004\060\000\040\004\072\004\060\004\107\004\065\004\101\004\102\004\062\004\060\000\040\000\050\000M\000e\000t\000r\000i\000c\000\051}{subsection.2.2}% 49
\BOOKMARK [3][-]{subsubsection.2.2.3}{\376\377\004\022\000\040\004\107\004\065\004\074\000\040\004\072\004\073\004\116\004\107\004\065\004\062\004\113\004\065\000\040\004\076\004\102\004\073\004\070\004\107\004\070\004\117\000?}{subsection.2.2}% 50
\BOOKMARK [2][-]{subsection.2.3}{\376\377\004\034\004\060\004\102\004\100\004\070\004\106\004\060\000\040\004\076\004\110\004\070\004\061\004\076\004\072\000\040\000\050\000C\000o\000n\000f\000u\000s\000i\000o\000n\000\040\000M\000a\000t\000r\000i\000x\000\051}{section.2}% 51
\BOOKMARK [3][-]{subsubsection.2.3.1}{\376\377\004\036\004\101\004\075\004\076\004\062\004\075\004\113\004\065\000\040\004\074\004\065\004\102\004\100\004\070\004\072\004\070\000\040\004\072\004\060\004\107\004\065\004\101\004\102\004\062\004\060}{subsection.2.3}% 52
\BOOKMARK [2][-]{subsection.2.4}{\376\377\004\032\004\100\004\070\004\062\004\113\004\065\000\040\004\070\000\040\004\077\004\073\004\076\004\111\004\060\004\064\004\070\000:\000\040\000R\000O\000C\000-\000A\000U\000C\000\040\004\070\000\040\000P\000R\000-\000A\000U\000C}{section.2}% 53
\BOOKMARK [3][-]{subsubsection.2.4.1}{\376\377\000R\000O\000C\000-\000A\000U\000C\000\040\000\050\000R\000e\000c\000e\000i\000v\000e\000r\000\040\000O\000p\000e\000r\000a\000t\000i\000n\000g\000\040\000C\000h\000a\000r\000a\000c\000t\000e\000r\000i\000s\000t\000i\000c\000\051}{subsection.2.4}% 54
\BOOKMARK [3][-]{subsubsection.2.4.2}{\376\377\000P\000R\000-\000A\000U\000C\000\040\000\050\000P\000r\000e\000c\000i\000s\000i\000o\000n\000-\000R\000e\000c\000a\000l\000l\000\040\000C\000u\000r\000v\000e\000\051}{subsection.2.4}% 55
\BOOKMARK [2][-]{subsection.2.5}{\376\377\004\034\004\065\004\102\004\100\004\070\004\072\004\070\000\040\004\100\004\065\004\063\004\100\004\065\004\101\004\101\004\070\004\070}{section.2}% 56
\BOOKMARK [3][-]{subsubsection.2.5.1}{\376\377\000M\000S\000E\000\040\000\050\000M\000e\000a\000n\000\040\000S\000q\000u\000a\000r\000e\000d\000\040\000E\000r\000r\000o\000r\000\051}{subsection.2.5}% 57
\BOOKMARK [3][-]{subsubsection.2.5.2}{\376\377\000M\000A\000E\000\040\000\050\000M\000e\000a\000n\000\040\000A\000b\000s\000o\000l\000u\000t\000e\000\040\000E\000r\000r\000o\000r\000\051}{subsection.2.5}% 58
\BOOKMARK [3][-]{subsubsection.2.5.3}{\376\377\004\036\004\102\004\075\004\076\004\101\004\070\004\102\004\065\004\073\004\114\004\075\004\113\004\065\000\040\004\074\004\065\004\102\004\100\004\070\004\072\004\070\000:\000\040\000M\000A\000P\000E\000,\000\040\000S\000M\000A\000P\000E\000,\000\040\000W\000A\000P\000E}{subsection.2.5}% 59
\BOOKMARK [3][-]{subsubsection.2.5.4}{\376\377\000R\000M\000S\000L\000E\000\040\000\050\000R\000o\000o\000t\000\040\000M\000e\000a\000n\000\040\000S\000q\000u\000a\000r\000e\000d\000\040\000L\000o\000g\000a\000r\000i\000t\000h\000m\000i\000c\000\040\000E\000r\000r\000o\000r\000\051}{subsection.2.5}% 60
\BOOKMARK [1][-]{section.3}{\376\377\004\034\004\065\004\102\004\100\004\070\004\107\004\065\004\101\004\072\004\070\004\065\000\040\004\074\004\065\004\102\004\076\004\064\004\113\000\040\004\076\004\061\004\103\004\107\004\065\004\075\004\070\004\117}{}% 61
\BOOKMARK [2][-]{subsection.3.1}{\376\377\004\020\004\073\004\063\004\076\004\100\004\070\004\102\004\074\000\040\000k\000-\004\061\004\073\004\070\004\066\004\060\004\071\004\110\004\070\004\105\000\040\004\101\004\076\004\101\004\065\004\064\004\065\004\071\000\040\000\050\000k\000-\000N\000N\000\051}{section.3}% 62
\BOOKMARK [3][-]{subsubsection.3.1.1}{\376\377\004\034\004\060\004\102\004\065\004\074\004\060\004\102\004\070\004\107\004\065\004\101\004\072\004\060\004\117\000\040\004\104\004\076\004\100\004\074\004\103\004\073\004\070\004\100\004\076\004\062\004\072\004\060}{subsection.3.1}% 63
\BOOKMARK [3][-]{subsubsection.3.1.2}{\376\377\004\032\004\073\004\060\004\101\004\101\004\070\004\104\004\070\004\072\004\060\004\106\004\070\004\117\000\040\004\070\000\040\004\040\004\065\004\063\004\100\004\065\004\101\004\101\004\070\004\117}{subsection.3.1}% 64
\BOOKMARK [3][-]{subsubsection.3.1.3}{\376\377\004\022\004\113\004\061\004\076\004\100\000\040\004\077\004\060\004\100\004\060\004\074\004\065\004\102\004\100\004\076\004\062}{subsection.3.1}% 65
\BOOKMARK [2][-]{subsection.3.2}{\376\377\004\034\004\065\004\102\004\100\004\070\004\072\004\070\000\040\004\070\000\040\004\104\004\103\004\075\004\072\004\106\004\070\004\070\000\040\004\100\004\060\004\101\004\101\004\102\004\076\004\117\004\075\004\070\004\117}{section.3}% 66
\BOOKMARK [2][-]{subsection.3.3}{\376\377\004\022\004\067\004\062\004\065\004\110\004\065\004\075\004\075\004\113\004\071\000\040\000k\000-\000N\000N}{section.3}% 67
\BOOKMARK [3][-]{subsubsection.3.3.1}{\376\377\004\022\004\065\004\101\004\060\000\040\004\077\004\076\000\040\004\100\004\060\004\075\004\063\004\103\000\040\000\050\004\077\004\076\004\100\004\117\004\064\004\072\004\076\004\062\004\076\004\074\004\103\000\040\004\075\004\076\004\074\004\065\004\100\004\103\000\051}{subsection.3.3}% 68
\BOOKMARK [3][-]{subsubsection.3.3.2}{\376\377\004\022\004\065\004\101\004\060\000\040\004\076\004\102\000\040\004\100\004\060\004\101\004\101\004\102\004\076\004\117\004\075\004\070\004\117}{subsection.3.3}% 69
\BOOKMARK [3][-]{subsubsection.3.3.3}{\376\377\004\057\004\064\004\065\004\100\004\075\004\076\004\065\000\040\004\101\004\063\004\073\004\060\004\066\004\070\004\062\004\060\004\075\004\070\004\065}{subsection.3.3}% 70
\BOOKMARK [3][-]{subsubsection.3.3.4}{\376\377\004\057\004\064\004\065\004\100\004\075\004\060\004\117\000\040\004\100\004\065\004\063\004\100\004\065\004\101\004\101\004\070\004\117\000\040\000\050\004\044\004\076\004\100\004\074\004\103\004\073\004\060\000\040\004\035\004\060\004\064\004\060\004\100\004\060\004\117\000-\004\022\004\060\004\102\004\101\004\076\004\075\004\060\000\051}{subsection.3.3}% 71
\BOOKMARK [3][-]{subsubsection.3.3.5}{\376\377\004\036\004\077\004\102\004\070\004\074\004\070\004\067\004\060\004\106\004\070\004\117\000\040\004\077\004\076\004\070\004\101\004\072\004\060\000\040\004\061\004\073\004\070\004\066\004\060\004\071\004\110\004\065\004\063\004\076\000\040\004\101\004\076\004\101\004\065\004\064\004\060}{subsection.3.3}% 72
\BOOKMARK [1][-]{section.4}{\376\377\004\040\004\065\004\110\004\060\004\116\004\111\004\070\004\065\000\040\004\024\004\065\004\100\004\065\004\062\004\114\004\117}{}% 73
\BOOKMARK [2][-]{subsection.4.1}{\376\377\004\044\004\103\004\075\004\064\004\060\004\074\004\065\004\075\004\102\004\060\004\073\004\114\004\075\004\113\004\065\000\040\004\101\004\062\004\076\004\071\004\101\004\102\004\062\004\060\000\040\004\100\004\065\004\110\004\060\004\116\004\111\004\070\004\105\000\040\004\064\004\065\004\100\004\065\004\062\004\114\004\065\004\062}{section.4}% 74
\BOOKMARK [2][-]{subsection.4.2}{\376\377\004\026\004\060\004\064\004\075\004\113\004\071\000\040\004\060\004\073\004\063\004\076\004\100\004\070\004\102\004\074\000\040\004\077\004\076\004\101\004\102\004\100\004\076\004\065\004\075\004\070\004\117}{section.4}% 75
\BOOKMARK [2][-]{subsection.4.3}{\376\377\004\032\004\100\004\070\004\102\004\065\004\100\004\070\004\070\000\040\004\062\004\065\004\102\004\062\004\073\004\065\004\075\004\070\004\117\000\040\004\070\000\040\004\070\004\075\004\104\004\076\004\100\004\074\004\060\004\102\004\070\004\062\004\075\004\076\004\101\004\102\004\114}{section.4}% 76
\BOOKMARK [2][-]{subsection.4.4}{\376\377\004\040\004\060\004\061\004\076\004\102\004\060\000\040\004\101\000\040\004\076\004\101\004\076\004\061\004\065\004\075\004\075\004\076\004\101\004\102\004\117\004\074\004\070\000\040\004\064\004\060\004\075\004\075\004\113\004\105}{section.4}% 77
\BOOKMARK [2][-]{subsection.4.5}{\376\377\004\040\004\065\004\063\004\103\004\073\004\117\004\100\004\070\004\067\004\060\004\106\004\070\004\117}{section.4}% 78
\BOOKMARK [2][-]{subsection.4.6}{\376\377\004\020\004\073\004\063\004\076\004\100\004\070\004\102\004\074\004\070\004\107\004\065\004\101\004\072\004\070\004\065\000\040\004\076\004\077\004\102\004\070\004\074\004\070\004\067\004\060\004\106\004\070\004\070\000\040\000\050\004\042\004\100\004\116\004\072\004\070\000\051}{section.4}% 79
\BOOKMARK [1][-]{section.5}{\376\377\004\037\004\076\004\064\004\061\004\076\004\100\000\040\004\063\004\070\004\077\004\065\004\100\004\077\004\060\004\100\004\060\004\074\004\065\004\102\004\100\004\076\004\062}{}% 80
\BOOKMARK [2][-]{subsection.5.1}{\376\377\004\037\004\076\004\064\004\061\004\076\004\100\000\040\004\063\004\070\004\077\004\065\004\100\004\077\004\060\004\100\004\060\004\074\004\065\004\102\004\100\004\076\004\062\000:\000\040\004\076\004\077\004\100\004\065\004\064\004\065\004\073\004\065\004\075\004\070\004\065}{section.5}% 81
\BOOKMARK [2][-]{subsection.5.2}{\376\377\004\032\004\073\004\116\004\107\004\065\004\062\004\113\004\065\000\040\004\063\004\070\004\077\004\065\004\100\004\077\004\060\004\100\004\060\004\074\004\065\004\102\004\100\004\113\000\040\004\064\004\073\004\117\000\040\004\077\004\076\004\077\004\103\004\073\004\117\004\100\004\075\004\113\004\105\000\040\004\060\004\073\004\063\004\076\004\100\004\070\004\102\004\074\004\076\004\062}{section.5}% 82
\BOOKMARK [2][-]{subsection.5.3}{\376\377\004\034\004\065\004\102\004\076\004\064\004\076\004\073\004\076\004\063\004\070\004\117\000\040\004\077\004\076\004\064\004\061\004\076\004\100\004\060}{section.5}% 83
\BOOKMARK [3][-]{subsubsection.5.3.1}{\376\377\004\041\004\105\004\065\004\074\004\060\000\040\000T\000r\000a\000i\000n\000-\000V\000a\000l\000i\000d\000a\000t\000i\000o\000n\000-\000T\000e\000s\000t}{subsection.5.3}% 84
\BOOKMARK [2][-]{subsection.5.4}{\376\377\004\032\004\100\004\076\004\101\004\101\000-\004\062\004\060\004\073\004\070\004\064\004\060\004\106\004\070\004\117\000\040\000\050\000k\000-\000F\000o\000l\000d\000\051}{section.5}% 85
\BOOKMARK [2][-]{subsection.5.5}{\376\377\000G\000r\000i\000d\000\040\000S\000e\000a\000r\000c\000h\000\040\000\050\004\037\004\076\004\070\004\101\004\072\000\040\004\077\004\076\000\040\004\101\004\065\004\102\004\072\004\065\000\051}{section.5}% 86
\BOOKMARK [2][-]{subsection.5.6}{\376\377\000R\000a\000n\000d\000o\000m\000\040\000S\000e\000a\000r\000c\000h\000\040\000\050\004\041\004\073\004\103\004\107\004\060\004\071\004\075\004\113\004\071\000\040\004\077\004\076\004\070\004\101\004\072\000\051}{section.5}% 87
\BOOKMARK [2][-]{subsection.5.7}{\376\377\004\037\004\100\004\076\004\064\004\062\004\070\004\075\004\103\004\102\004\113\004\065\000\040\004\074\004\065\004\102\004\076\004\064\004\113\000\040\004\077\004\076\004\064\004\061\004\076\004\100\004\060}{section.5}% 88
\BOOKMARK [3][-]{subsubsection.5.7.1}{\376\377\004\021\004\060\004\071\004\065\004\101\004\076\004\062\004\101\004\072\004\060\004\117\000\040\004\076\004\077\004\102\004\070\004\074\004\070\004\067\004\060\004\106\004\070\004\117}{subsection.5.7}% 89
\BOOKMARK [3][-]{subsubsection.5.7.2}{\376\377\004\020\004\073\004\063\004\076\004\100\004\070\004\102\004\074\000\040\000T\000P\000E\000\040\000\050\000T\000r\000e\000e\000-\000s\000t\000r\000u\000c\000t\000u\000r\000e\000d\000\040\000P\000a\000r\000z\000e\000n\000\040\000E\000s\000t\000i\000m\000a\000t\000o\000r\000\051}{subsection.5.7}% 90
\BOOKMARK [3][-]{subsubsection.5.7.3}{\376\377\000P\000o\000p\000u\000l\000a\000t\000i\000o\000n\000\040\000B\000a\000s\000e\000d\000\040\000T\000r\000a\000i\000n\000i\000n\000g\000\040\000\050\000P\000B\000T\000\051}{subsection.5.7}% 91
\BOOKMARK [3][-]{subsubsection.5.7.4}{\376\377\000H\000y\000p\000e\000r\000b\000a\000n\000d\000\040\004\070\000\040\000S\000u\000c\000c\000e\000s\000s\000i\000v\000e\000\040\000H\000a\000l\000v\000i\000n\000g}{subsection.5.7}% 92
\BOOKMARK [2][-]{subsection.5.8}{\376\377\004\036\004\077\004\065\004\075\004\101\004\076\004\100\004\101\000-\004\061\004\070\004\061\004\073\004\070\004\076\004\102\004\065\004\072\004\070\000\040\004\070\000\040\004\070\004\075\004\101\004\102\004\100\004\103\004\074\004\065\004\075\004\102\004\113}{section.5}% 93
\BOOKMARK [1][-]{section.6}{\376\377\004\032\004\100\004\076\004\101\004\101\000-\004\062\004\060\004\073\004\070\004\064\004\060\004\106\004\070\004\117}{}% 94
\BOOKMARK [2][-]{subsection.6.1}{\376\377\004\047\004\102\004\076\000\040\004\102\004\060\004\072\004\076\004\065\000\040\004\072\004\100\004\076\004\101\004\101\000-\004\062\004\060\004\073\004\070\004\064\004\060\004\106\004\070\004\117\000?}{section.6}% 95
\BOOKMARK [2][-]{subsection.6.2}{\376\377\004\034\004\065\004\102\004\076\004\064\000\040\000H\000o\000l\000d\000-\000o\000u\000t}{section.6}% 96
\BOOKMARK [2][-]{subsection.6.3}{\376\377\004\041\004\102\004\100\004\060\004\102\004\070\004\104\004\070\004\072\004\060\004\106\004\070\004\117\000\040\000\050\000S\000t\000r\000a\000t\000i\000f\000i\000c\000a\000t\000i\000o\000n\000\051}{section.6}% 97
\BOOKMARK [2][-]{subsection.6.4}{\376\377\000k\000-\000F\000o\000l\000d\000\040\004\072\004\100\004\076\004\101\004\101\000-\004\062\004\060\004\073\004\070\004\064\004\060\004\106\004\070\004\117}{section.6}% 98
\BOOKMARK [2][-]{subsection.6.5}{\376\377\000L\000e\000a\000v\000e\000-\000o\000n\000e\000-\000o\000u\000t\000\040\000\050\000L\000O\000O\000\051}{section.6}% 99
\BOOKMARK [2][-]{subsection.6.6}{\376\377\000S\000t\000r\000a\000t\000i\000f\000i\000e\000d\000\040\000k\000-\000F\000o\000l\000d}{section.6}% 100
\BOOKMARK [2][-]{subsection.6.7}{\376\377\004\032\004\100\004\070\004\062\004\113\004\065\000\040\004\076\004\061\004\103\004\107\004\065\004\075\004\070\004\117\000\040\000\050\000L\000e\000a\000r\000n\000i\000n\000g\000\040\000C\000u\000r\000v\000e\000s\000\051}{section.6}% 101
\BOOKMARK [2][-]{subsection.6.8}{\376\377\004\032\004\060\004\072\000\040\004\107\004\070\004\102\004\060\004\102\004\114\000\040\004\063\004\100\004\060\004\104\004\070\004\072\004\070\000?}{section.6}% 102
\BOOKMARK [2][-]{subsection.6.9}{\376\377\004\032\004\076\004\063\004\064\004\060\000\040\004\101\004\102\004\076\004\070\004\102\000\040\004\067\004\060\004\077\004\076\004\064\004\076\004\067\004\100\004\070\004\102\004\114\000,\000\040\004\107\004\102\004\076\000\040\004\076\004\106\004\065\004\075\004\072\004\060\000\040\004\072\004\060\004\107\004\065\004\101\004\102\004\062\004\060\000\040\004\067\004\060\004\062\004\113\004\110\004\065\004\075\004\060\000?}{section.6}% 103
\BOOKMARK [2][-]{subsection.6.10}{\376\377\004\037\004\100\004\070\004\074\004\065\004\100\004\113\000\040\000\253\004\077\004\076\004\064\004\074\004\065\004\110\004\070\004\062\004\060\004\075\004\070\004\117\000\273\000\040\004\102\004\065\004\101\004\102\004\076\004\062\004\113\004\105\000\040\004\064\004\060\004\075\004\075\004\113\004\105\000\040\000\050\000D\000a\000t\000a\000\040\000L\000e\000a\000k\000a\000g\000e\000\051}{section.6}% 104
\BOOKMARK [1][-]{section.7}{\376\377\004\023\004\100\004\060\004\064\004\070\004\065\004\075\004\102\004\075\004\113\004\071\000\040\004\061\004\103\004\101\004\102\004\070\004\075\004\063\000\040\000/\000\040\004\020\004\075\004\101\004\060\004\074\004\061\004\073\004\070}{}% 105
\BOOKMARK [2][-]{subsection.7.1}{\376\377\004\024\004\070\004\073\004\065\004\074\004\074\004\060\000\040\004\101\004\074\004\065\004\111\004\065\004\075\004\070\004\117\000\040\004\070\000\040\004\100\004\060\004\067\004\061\004\100\004\076\004\101\004\060\000\040\000\050\000B\000i\000a\000s\000-\000V\000a\000r\000i\000a\000n\000c\000e\000\040\000T\000r\000a\000d\000e\000o\000f\000f\000\051}{section.7}% 106
\BOOKMARK [2][-]{subsection.7.2}{\376\377\004\041\004\073\004\103\004\107\004\060\004\071\004\075\004\113\004\071\000\040\004\073\004\065\004\101\000\040\000\050\000R\000a\000n\000d\000o\000m\000\040\000F\000o\000r\000e\000s\000t\000\051}{section.7}% 107
\BOOKMARK [2][-]{subsection.7.3}{\376\377\004\023\004\100\004\060\004\064\004\070\004\065\004\075\004\102\004\075\004\113\004\071\000\040\004\061\004\103\004\101\004\102\004\070\004\075\004\063\000\040\000\050\000G\000B\000D\000T\000\051}{section.7}% 108
\BOOKMARK [3][-]{subsubsection.7.3.1}{\376\377\004\044\004\070\004\073\004\076\004\101\004\076\004\104\004\101\004\072\004\076\004\065\000\040\004\076\004\102\004\073\004\070\004\107\004\070\004\065\000:\000\040\004\021\004\103\004\101\004\102\004\070\004\075\004\063\000\040\000v\000s\000\040\004\021\004\115\004\063\004\063\004\070\004\075\004\063}{subsection.7.3}% 109
\BOOKMARK [3][-]{subsubsection.7.3.2}{\376\377\004\034\004\060\004\102\004\065\004\074\004\060\004\102\004\070\004\072\004\060\000:\000\040\004\023\004\100\004\060\004\064\004\070\004\065\004\075\004\102\004\075\004\113\004\071\000\040\004\101\004\077\004\103\004\101\004\072\000\040\004\062\000\040\004\104\004\103\004\075\004\072\004\106\004\070\004\076\004\075\004\060\004\073\004\114\004\075\004\076\004\074\000\040\004\077\004\100\004\076\004\101\004\102\004\100\004\060\004\075\004\101\004\102\004\062\004\065}{subsection.7.3}% 110
\BOOKMARK [3][-]{subsubsection.7.3.3}{\376\377\004\020\004\073\004\063\004\076\004\100\004\070\004\102\004\074\000\040\004\077\004\076\000\040\004\110\004\060\004\063\004\060\004\074}{subsection.7.3}% 111
\BOOKMARK [3][-]{subsubsection.7.3.4}{\376\377\004\037\004\076\004\107\004\065\004\074\004\103\000\040\004\115\004\102\004\076\000\040\004\063\004\100\004\060\004\064\004\070\004\065\004\075\004\102\004\075\004\113\004\071\000\040\004\101\004\077\004\103\004\101\004\072\000?}{subsection.7.3}% 112
\BOOKMARK [3][-]{subsubsection.7.3.5}{\376\377\004\036\004\061\004\103\004\107\004\065\004\075\004\070\004\065\000\040\004\075\004\060\000\040\004\076\004\101\004\102\004\060\004\102\004\072\004\070}{subsection.7.3}% 113
\BOOKMARK [3][-]{subsubsection.7.3.6}{\376\377\004\041\004\105\004\076\004\064\004\070\004\074\004\076\004\101\004\102\004\114}{subsection.7.3}% 114
\BOOKMARK [3][-]{subsubsection.7.3.7}{\376\377\004\036\004\063\004\100\004\060\004\075\004\070\004\107\004\065\004\075\004\070\004\065\000\040\004\101\004\073\004\076\004\066\004\075\004\076\004\101\004\102\004\070\000\040\004\070\000\040\004\040\004\065\004\063\004\103\004\073\004\117\004\100\004\070\004\067\004\060\004\106\004\070\004\117}{subsection.7.3}% 115
\BOOKMARK [3][-]{subsubsection.7.3.8}{\376\377\004\037\004\076\004\107\004\065\004\074\004\103\000\040\004\064\004\065\004\100\004\065\004\062\004\114\004\117\000\040\004\064\004\076\004\073\004\066\004\075\004\113\000\040\004\061\004\113\004\102\004\114\000\040\004\075\004\065\004\063\004\073\004\103\004\061\004\076\004\072\004\070\004\074\004\070\000?}{subsection.7.3}% 116
\BOOKMARK [2][-]{subsection.7.4}{\376\377\004\034\004\065\004\102\004\076\004\064\004\113\000\040\004\061\004\076\004\100\004\114\004\061\004\113\000\040\004\101\000\040\004\077\004\065\004\100\004\065\004\076\004\061\004\103\004\107\004\065\004\075\004\070\004\065\004\074\000\040\000\050\004\040\004\065\004\063\004\103\004\073\004\117\004\100\004\070\004\067\004\060\004\106\004\070\004\117\000\051}{section.7}% 117
\BOOKMARK [2][-]{subsection.7.5}{\376\377\004\042\004\100\004\076\004\071\004\072\004\060\000\040\004\073\004\070\004\064\004\065\004\100\004\076\004\062\000:\000\040\000X\000G\000B\000o\000o\000s\000t\000,\000\040\000L\000i\000g\000h\000t\000G\000B\000M\000,\000\040\000C\000a\000t\000B\000o\000o\000s\000t}{section.7}% 118
\BOOKMARK [3][-]{subsubsection.7.5.1}{\376\377\000X\000G\000B\000o\000o\000s\000t\000\040\000\050\000e\000X\000t\000r\000e\000m\000e\000\040\000G\000r\000a\000d\000i\000e\000n\000t\000\040\000B\000o\000o\000s\000t\000i\000n\000g\000\051}{subsection.7.5}% 119
\BOOKMARK [3][-]{subsubsection.7.5.2}{\376\377\000L\000i\000g\000h\000t\000G\000B\000M\000\040\000\050\004\076\004\102\000\040\000M\000i\000c\000r\000o\000s\000o\000f\000t\000\051}{subsection.7.5}% 120
\BOOKMARK [3][-]{subsubsection.7.5.3}{\376\377\000C\000a\000t\000B\000o\000o\000s\000t\000\040\000\050\004\076\004\102\000\040\004\057\004\075\004\064\004\065\004\072\004\101\004\060\000\051}{subsection.7.5}% 121
\BOOKMARK [2][-]{subsection.7.6}{\376\377\004\030\004\075\004\102\004\065\004\100\004\077\004\100\004\065\004\102\004\060\004\106\004\070\004\117\000:\000\040\000F\000e\000a\000t\000u\000r\000e\000\040\000I\000m\000p\000o\000r\000t\000a\000n\000c\000e}{section.7}% 122
\BOOKMARK [1][-]{section.8}{\376\377\000A\000/\000B\000\040\004\102\004\065\004\101\004\102\004\113}{}% 123
\BOOKMARK [2][-]{subsection.8.1}{\376\377\004\040\004\060\004\061\004\076\004\102\004\060\000\040\004\101\000\040\004\061\004\070\004\061\004\073\004\070\004\076\004\102\004\065\004\072\004\076\004\071\000\040\000P\000a\000n\000d\000a\000s}{section.8}% 124
\BOOKMARK [3][-]{subsubsection.8.1.1}{\376\377\004\047\004\102\004\065\004\075\004\070\004\065\000\040\004\064\004\060\004\075\004\075\004\113\004\105\000:\000\040\000r\000e\000a\000d\000\137\000c\000s\000v}{subsection.8.1}% 125
\BOOKMARK [3][-]{subsubsection.8.1.2}{\376\377\004\030\004\075\004\064\004\065\004\072\004\101\004\113\000\040\004\070\000\040\004\101\004\065\004\073\004\065\004\072\004\106\004\070\004\117\000:\000\040\000i\000n\000d\000e\000x\000,\000\040\000l\000o\000c\000,\000\040\000i\000l\000o\000c}{subsection.8.1}% 126
\BOOKMARK [3][-]{subsubsection.8.1.3}{\376\377\004\021\004\113\004\101\004\102\004\100\004\113\004\071\000\040\004\060\004\075\004\060\004\073\004\070\004\067\000\040\004\064\004\060\004\075\004\075\004\113\004\105\000:\000\040\000d\000e\000s\000c\000r\000i\000b\000e\000\040\004\070\000\040\000v\000a\000l\000u\000e\000\137\000c\000o\000u\000n\000t\000s}{subsection.8.1}% 127
\BOOKMARK [3][-]{subsubsection.8.1.4}{\376\377\004\023\004\100\004\103\004\077\004\077\004\070\004\100\004\076\004\062\004\072\004\060\000\040\004\070\000\040\004\060\004\063\004\100\004\065\004\063\004\060\004\106\004\070\004\117\000:\000\040\000g\000r\000o\000u\000p\000b\000y\000\040\004\070\000\040\000a\000g\000g}{subsection.8.1}% 128
\BOOKMARK [3][-]{subsubsection.8.1.5}{\376\377\004\041\004\062\004\076\004\064\004\075\004\113\004\065\000\040\004\102\004\060\004\061\004\073\004\070\004\106\004\113\000:\000\040\000p\000i\000v\000o\000t\000\137\000t\000a\000b\000l\000e}{subsection.8.1}% 129
\BOOKMARK [3][-]{subsubsection.8.1.6}{\376\377\004\040\004\060\004\061\004\076\004\102\004\060\000\040\004\101\000\040\004\077\004\100\004\076\004\077\004\103\004\101\004\072\004\060\004\074\004\070\000:\000\040\000i\000s\000n\000a\000\040\004\070\000\040\000f\000i\000l\000l\000n\000a}{subsection.8.1}% 130
\BOOKMARK [2][-]{subsection.8.2}{\376\377\004\037\004\100\004\065\004\076\004\061\004\100\004\060\004\067\004\076\004\062\004\060\004\075\004\070\004\117\000\040\004\070\000\040\004\074\004\060\004\101\004\110\004\102\004\060\004\061\004\070\004\100\004\076\004\062\004\060\004\075\004\070\004\065\000\040\004\077\004\100\004\070\004\067\004\075\004\060\004\072\004\076\004\062}{section.8}% 131
\BOOKMARK [3][-]{subsubsection.8.2.1}{\376\377\000Z\000-\000s\000c\000o\000r\000e\000\040\000\050\004\041\004\102\004\060\004\075\004\064\004\060\004\100\004\102\004\070\004\067\004\076\004\062\004\060\004\075\004\075\004\060\004\117\000\040\004\076\004\106\004\065\004\075\004\072\004\060\000\051}{subsection.8.2}% 132
\BOOKMARK [3][-]{subsubsection.8.2.2}{\376\377\000S\000t\000a\000n\000d\000a\000r\000d\000S\000c\000a\000l\000e\000r}{subsection.8.2}% 133
\BOOKMARK [3][-]{subsubsection.8.2.3}{\376\377\000M\000i\000n\000M\000a\000x\000S\000c\000a\000l\000e\000r}{subsection.8.2}% 134
\BOOKMARK [3][-]{subsubsection.8.2.4}{\376\377\004\033\004\076\004\063\004\060\004\100\004\070\004\104\004\074\004\070\004\107\004\065\004\101\004\072\004\076\004\065\000\040\004\077\004\100\004\065\004\076\004\061\004\100\004\060\004\067\004\076\004\062\004\060\004\075\004\070\004\065\000\040\000\050\000L\000o\000g\000-\000t\000r\000a\000n\000s\000f\000o\000r\000m\000\051}{subsection.8.2}% 135
\BOOKMARK [2][-]{subsection.8.3}{\376\377\004\034\004\065\004\100\004\113\000\040\004\101\004\062\004\117\004\067\004\070\000\040\004\070\000\040\004\101\004\102\004\060\004\102\004\070\004\101\004\102\004\070\004\107\004\065\004\101\004\072\004\070\004\065\000\040\004\072\004\100\004\070\004\102\004\065\004\100\004\070\004\070}{section.8}% 136
\BOOKMARK [3][-]{subsubsection.8.3.1}{\376\377\004\032\004\076\004\100\004\100\004\065\004\073\004\117\004\106\004\070\004\117\000:\000\040\004\037\004\070\004\100\004\101\004\076\004\075\000,\000\040\004\041\004\077\004\070\004\100\004\074\004\065\004\075\000,\000\040\004\032\004\065\004\075\004\064\004\060\004\073\004\073}{subsection.8.3}% 137
\BOOKMARK [3][-]{subsubsection.8.3.2}{\376\377\004\032\004\076\004\115\004\104\004\104\004\070\004\106\004\070\004\065\004\075\004\102\000\040\004\073\004\070\004\075\004\065\004\071\004\075\004\076\004\071\000\040\004\072\004\076\004\100\004\100\004\065\004\073\004\117\004\106\004\070\004\070\000\040\004\037\004\070\004\100\004\101\004\076\004\075\004\060\000\040\000\050\000r\000\051}{subsection.8.3}% 138
\BOOKMARK [3][-]{subsubsection.8.3.3}{\376\377\004\032\004\076\004\115\004\104\004\104\004\070\004\106\004\070\004\065\004\075\004\102\000\040\004\100\004\060\004\075\004\063\004\076\004\062\004\076\004\071\000\040\004\072\004\076\004\100\004\100\004\065\004\073\004\117\004\106\004\070\004\070\000\040\004\041\004\077\004\070\004\100\004\074\004\065\004\075\004\060\000\040\000\050\000\051}{subsection.8.3}% 139
\BOOKMARK [3][-]{subsubsection.8.3.4}{\376\377\004\032\004\076\004\115\004\104\004\104\004\070\004\106\004\070\004\065\004\075\004\102\000\040\004\100\004\060\004\075\004\063\004\076\004\062\004\076\004\071\000\040\004\072\004\076\004\100\004\100\004\065\004\073\004\117\004\106\004\070\004\070\000\040\004\032\004\065\004\075\004\064\004\060\004\073\004\073\004\060\000\040\000\050\000\051}{subsection.8.3}% 140
\BOOKMARK [3][-]{subsubsection.8.3.5}{\376\377\004\037\004\060\004\100\004\060\004\074\004\065\004\102\004\100\004\070\004\107\004\065\004\101\004\072\004\070\004\065\000\040\004\072\004\100\004\070\004\102\004\065\004\100\004\070\004\070\000\040\004\077\004\100\004\076\004\062\004\065\004\100\004\072\004\070\000\040\004\063\004\070\004\077\004\076\004\102\004\065\004\067}{subsection.8.3}% 141
\BOOKMARK [3][-]{subsubsection.8.3.6}{\376\377\000t\000-\004\072\004\100\004\070\004\102\004\065\004\100\004\070\004\071\000\040\004\041\004\102\004\114\004\116\004\064\004\065\004\075\004\102\004\060}{subsection.8.3}% 142
\BOOKMARK [3][-]{subsubsection.8.3.7}{\376\377\004\035\004\065\004\077\004\060\004\100\004\060\004\074\004\065\004\102\004\100\004\070\004\107\004\065\004\101\004\072\004\070\004\065\000\040\004\072\004\100\004\070\004\102\004\065\004\100\004\070\004\070\000\040\004\077\004\100\004\076\004\062\004\065\004\100\004\072\004\070\000\040\004\063\004\070\004\077\004\076\004\102\004\065\004\067}{subsection.8.3}% 143
\BOOKMARK [3][-]{subsubsection.8.3.8}{\376\377\004\032\004\100\004\070\004\102\004\065\004\100\004\070\004\071\000\040\004\034\004\060\004\075\004\075\004\060\000-\004\043\004\070\004\102\004\075\004\070\000\040\000\050\000M\000a\000n\000n\000-\000W\000h\000i\000t\000n\000e\000y\000\040\000U\000-\000t\000e\000s\000t\000\051}{subsection.8.3}% 144
\BOOKMARK [3][-]{subsubsection.8.3.9}{\376\377\004\032\004\100\004\070\004\102\004\065\004\100\004\070\004\071\000\040\004\101\004\076\004\063\004\073\004\060\004\101\004\070\004\117\000\040\004\105\004\070\000-\004\072\004\062\004\060\004\064\004\100\004\060\004\102\000\040\000\050\0002\000\051}{subsection.8.3}% 145
\BOOKMARK [3][-]{subsubsection.8.3.10}{\376\377\004\032\004\100\004\070\004\102\004\065\004\100\004\070\004\071\000\040\004\032\004\076\004\073\004\074\004\076\004\063\004\076\004\100\004\076\004\062\004\060\000-\004\041\004\074\004\070\004\100\004\075\004\076\004\062\004\060\000\040\000\050\000K\000S\000-\000t\000e\000s\000t\000\051}{subsection.8.3}% 146
\BOOKMARK [3][-]{subsubsection.8.3.11}{\376\377\004\024\004\076\004\077\004\076\004\073\004\075\004\070\004\102\004\065\004\073\004\114\004\075\004\113\004\065\000\040\004\101\004\102\004\060\004\102\004\070\004\101\004\102\004\070\004\107\004\065\004\101\004\072\004\070\004\065\000\040\004\102\004\065\004\101\004\102\004\113\000\040\000\050\004\041\004\076\004\061\004\065\004\101\004\065\004\064\004\076\004\062\004\060\004\075\004\070\004\065\000\040\004\103\004\100\004\076\004\062\004\075\004\117\000\040\000S\000e\000n\000i\000o\000r\000\051}{subsection.8.3}% 147
\BOOKMARK [3][-]{subsubsection.8.3.12}{\376\377\004\037\004\100\004\076\004\062\004\065\004\100\004\072\004\060\000\040\004\075\004\076\004\100\004\074\004\060\004\073\004\114\004\075\004\076\004\101\004\102\004\070\000:\000\040\004\032\004\100\004\070\004\102\004\065\004\100\004\070\004\071\000\040\004\050\004\060\004\077\004\070\004\100\004\076\000-\004\043\004\070\004\073\004\072\004\060\000\040\000\050\000S\000h\000a\000p\000i\000r\000o\000-\000W\000i\000l\000k\000\051}{subsection.8.3}% 148
\BOOKMARK [3][-]{subsubsection.8.3.13}{\376\377\004\024\004\070\004\101\004\077\004\065\004\100\004\101\004\070\004\076\004\075\004\075\004\113\004\071\000\040\004\060\004\075\004\060\004\073\004\070\004\067\000\040\000\050\000A\000N\000O\000V\000A\000\051\000\040\004\070\000\040\004\032\004\100\004\070\004\102\004\065\004\100\004\070\004\071\000\040\004\032\004\100\004\060\004\101\004\072\004\065\004\073\004\060\000-\004\043\004\076\004\073\004\073\004\070\004\101\004\060}{subsection.8.3}% 149
\BOOKMARK [3][-]{subsubsection.8.3.14}{\376\377\004\041\004\062\004\117\004\067\004\060\004\075\004\075\004\113\004\065\000\040\004\062\004\113\004\061\004\076\004\100\004\072\004\070\000:\000\040\004\032\004\100\004\070\004\102\004\065\004\100\004\070\004\071\000\040\004\067\004\075\004\060\004\072\004\076\004\062\004\113\004\105\000\040\004\100\004\060\004\075\004\063\004\076\004\062\000\040\004\043\004\070\004\073\004\072\004\076\004\072\004\101\004\076\004\075\004\060}{subsection.8.3}% 150
\BOOKMARK [3][-]{subsubsection.8.3.15}{\376\377\004\037\004\100\004\076\004\062\004\065\004\100\004\072\004\060\000\040\004\100\004\060\004\062\004\065\004\075\004\101\004\102\004\062\004\060\000\040\004\064\004\070\004\101\004\077\004\065\004\100\004\101\004\070\004\071\000:\000\040\004\032\004\100\004\070\004\102\004\065\004\100\004\070\004\070\000\040\004\021\004\060\004\100\004\102\004\073\004\065\004\102\004\102\004\060\000\040\004\070\000\040\004\033\004\070\004\062\004\065\004\075\004\117}{subsection.8.3}% 151
\BOOKMARK [3][-]{subsubsection.8.3.16}{\376\377\004\042\004\076\004\107\004\075\004\113\004\071\000\040\004\072\004\100\004\070\004\102\004\065\004\100\004\070\004\071\000\040\004\044\004\070\004\110\004\065\004\100\004\060\000\040\000\050\000F\000i\000s\000h\000e\000r\000'\000s\000\040\000E\000x\000a\000c\000t\000\040\000T\000e\000s\000t\000\051}{subsection.8.3}% 152
\BOOKMARK [2][-]{subsection.8.4}{\376\377\004\032\004\076\004\075\004\102\004\065\004\072\004\101\004\102\000\040\000A\000/\000B\000-\004\102\004\065\004\101\004\102\004\070\004\100\004\076\004\062\004\060\004\075\004\070\004\117\000,\000\040\000p\000-\000v\000a\000l\000u\000e\000\040\004\070\000\040\004\074\004\075\004\076\004\066\004\065\004\101\004\102\004\062\004\065\004\075\004\075\004\076\004\065\000\040\004\102\004\065\004\101\004\102\004\070\004\100\004\076\004\062\004\060\004\075\004\070\004\065}{section.8}% 153
\BOOKMARK [3][-]{subsubsection.8.4.1}{\376\377\004\023\004\073\004\103\004\061\004\076\004\072\004\076\004\065\000\040\004\077\004\076\004\075\004\070\004\074\004\060\004\075\004\070\004\065\000\040\000p\000-\000v\000a\000l\000u\000e}{subsection.8.4}% 154
\BOOKMARK [3][-]{subsubsection.8.4.2}{\376\377\004\036\004\110\004\070\004\061\004\072\004\070\000\040\004\077\004\100\004\070\000\040\004\077\004\100\004\076\004\062\004\065\004\100\004\072\004\065\000\040\004\063\004\070\004\077\004\076\004\102\004\065\004\067\000\040\004\070\000\040\004\100\004\060\004\101\004\107\004\065\004\102\000\040\004\062\004\113\004\061\004\076\004\100\004\072\004\070}{subsection.8.4}% 155
\BOOKMARK [3][-]{subsubsection.8.4.3}{\376\377\004\037\004\100\004\076\004\061\004\073\004\065\004\074\004\060\000\040\004\074\004\075\004\076\004\066\004\065\004\101\004\102\004\062\004\065\004\075\004\075\004\076\004\063\004\076\000\040\004\102\004\065\004\101\004\102\004\070\004\100\004\076\004\062\004\060\004\075\004\070\004\117\000\040\000\050\000M\000u\000l\000t\000i\000p\000l\000e\000\040\000T\000e\000s\000t\000i\000n\000g\000\051}{subsection.8.4}% 156
\BOOKMARK [2][-]{subsection.8.5}{\376\377\004\030\004\102\004\076\004\063\004\076\004\062\004\060\004\117\000\040\004\110\004\077\004\060\004\100\004\063\004\060\004\073\004\072\004\060\000:\000\040\004\022\004\113\004\061\004\076\004\100\000\040\004\101\004\102\004\060\004\102\004\070\004\101\004\102\004\070\004\107\004\065\004\101\004\072\004\076\004\063\004\076\000\040\004\072\004\100\004\070\004\102\004\065\004\100\004\070\004\117}{section.8}% 157
