\BOOKMARK [1][-]{section*.1}{\376\377\004\022\004\062\004\065\004\064\004\065\004\075\004\070\004\065}{}% 1
\BOOKMARK [1][-]{section.1}{\376\377\004\033\004\070\004\075\004\065\004\071\004\075\004\113\004\065\000\040\004\074\004\076\004\064\004\065\004\073\004\070\000:\000\040\004\044\004\103\004\075\004\064\004\060\004\074\004\065\004\075\004\102}{}% 2
\BOOKMARK [2][-]{subsection.1.1}{\376\377\004\042\004\070\004\077\004\076\004\073\004\076\004\063\004\070\004\117\000\040\004\067\004\060\004\064\004\060\004\107\000\040\004\074\004\060\004\110\004\070\004\075\004\075\004\076\004\063\004\076\000\040\004\076\004\061\004\103\004\107\004\065\004\075\004\070\004\117}{section.1}% 3
\BOOKMARK [2][-]{subsection.1.2}{\376\377\004\034\004\060\004\102\004\065\004\074\004\060\004\102\004\070\004\107\004\065\004\101\004\072\004\070\004\071\000\040\004\060\004\077\004\077\004\060\004\100\004\060\004\102\000\040\004\070\000\040\004\076\004\061\004\076\004\067\004\075\004\060\004\107\004\065\004\075\004\070\004\117}{section.1}% 4
\BOOKMARK [2][-]{subsection.1.3}{\376\377\004\036\004\061\004\100\004\060\004\061\004\076\004\102\004\072\004\060\000\040\004\072\004\060\004\102\004\065\004\063\004\076\004\100\004\070\004\060\004\073\004\114\004\075\004\113\004\105\000\040\004\077\004\100\004\070\004\067\004\075\004\060\004\072\004\076\004\062}{section.1}% 5
\BOOKMARK [2][-]{subsection.1.4}{\376\377\004\030\004\075\004\102\004\065\004\100\004\077\004\100\004\065\004\102\004\070\004\100\004\103\004\065\004\074\004\076\004\101\004\102\004\114\000\040\004\074\004\076\004\064\004\065\004\073\004\065\004\071}{section.1}% 6
\BOOKMARK [2][-]{subsection.1.5}{\376\377\004\041\004\062\004\076\004\071\004\101\004\102\004\062\004\060\000\040\004\070\000\040\004\076\004\063\004\100\004\060\004\075\004\070\004\107\004\065\004\075\004\070\004\117\000\040\004\073\004\070\004\075\004\065\004\071\004\075\004\113\004\105\000\040\004\074\004\076\004\064\004\065\004\073\004\065\004\071}{section.1}% 7
\BOOKMARK [2][-]{subsection.1.6}{\376\377\004\041\004\062\004\065\004\064\004\065\004\075\004\070\004\065\000\040\004\076\004\061\004\103\004\107\004\065\004\075\004\070\004\117\000\040\004\072\000\040\004\067\004\060\004\064\004\060\004\107\004\065\000\040\004\076\004\077\004\102\004\070\004\074\004\070\004\067\004\060\004\106\004\070\004\070}{section.1}% 8
\BOOKMARK [2][-]{subsection.1.7}{\376\377\004\034\004\103\004\073\004\114\004\102\004\070\004\072\004\076\004\073\004\073\004\070\004\075\004\065\004\060\004\100\004\075\004\076\004\101\004\102\004\114\000\040\004\070\000\040\004\100\004\065\004\063\004\103\004\073\004\117\004\100\004\070\004\067\004\060\004\106\004\070\004\117}{section.1}% 9
\BOOKMARK [2][-]{subsection.1.8}{\376\377\004\041\004\100\004\060\004\062\004\075\004\065\004\075\004\070\004\065\000\040\000L\0001\000\040\004\070\000\040\000L\0002\000\040\004\100\004\065\004\063\004\103\004\073\004\117\004\100\004\070\004\067\004\060\004\106\004\070\004\071}{section.1}% 10
\BOOKMARK [2][-]{subsection.1.9}{\376\377\004\044\004\103\004\075\004\072\004\106\004\070\004\117\000\040\004\077\004\076\004\102\004\065\004\100\004\114\000\040\004\077\004\065\004\100\004\106\004\065\004\077\004\102\004\100\004\076\004\075\004\060}{section.1}% 11
\BOOKMARK [2][-]{subsection.1.10}{\376\377\000H\000i\000n\000g\000e\000\040\000L\000o\000s\000s\000\040\004\070\000\040\000S\000V\000M}{section.1}% 12
\BOOKMARK [2][-]{subsection.1.11}{\376\377\004\033\004\076\004\063\004\070\004\101\004\102\004\070\004\107\004\065\004\101\004\072\004\060\004\117\000\040\004\100\004\065\004\063\004\100\004\065\004\101\004\101\004\070\004\117\000\040\004\070\000\040\004\062\004\065\004\100\004\076\004\117\004\102\004\075\004\076\004\101\004\102\004\070}{section.1}% 13
\BOOKMARK [2][-]{subsection.1.12}{\376\377\004\020\004\075\004\060\004\073\004\070\004\067\000\040\004\063\004\070\004\077\004\065\004\100\004\077\004\060\004\100\004\060\004\074\004\065\004\102\004\100\004\076\004\062\000\040\004\100\004\065\004\063\004\103\004\073\004\117\004\100\004\070\004\067\004\060\004\106\004\070\004\070}{section.1}% 14
\BOOKMARK [2][-]{subsection.1.13}{\376\377\000S\000o\000f\000t\000m\000a\000x\000\040\004\064\004\073\004\117\000\040\004\074\004\075\004\076\004\063\004\076\004\072\004\073\004\060\004\101\004\101\004\076\004\062\004\076\004\071\000\040\004\072\004\073\004\060\004\101\004\101\004\070\004\104\004\070\004\072\004\060\004\106\004\070\004\070}{section.1}% 15
\BOOKMARK [1][-]{section.2}{\376\377\004\034\004\065\004\102\004\100\004\070\004\072\004\070\000:\000\040\004\032\004\060\004\072\000\040\004\076\004\106\004\065\004\075\004\070\004\062\004\060\004\102\004\114\000\040\004\103\004\101\004\077\004\065\004\105}{}% 16
\BOOKMARK [2][-]{subsection.2.1}{\376\377\004\042\004\070\004\077\004\076\004\073\004\076\004\063\004\070\004\117\000\040\004\074\004\065\004\102\004\100\004\070\004\072}{section.2}% 17
\BOOKMARK [2][-]{subsection.2.2}{\376\377\004\044\004\103\004\075\004\072\004\106\004\070\004\117\000\040\004\077\004\076\004\102\004\065\004\100\004\114\000\040\000v\000s\000\040\004\034\004\065\004\102\004\100\004\070\004\072\004\060\000\040\004\072\004\060\004\107\004\065\004\101\004\102\004\062\004\060}{section.2}% 18
\BOOKMARK [2][-]{subsection.2.3}{\376\377\004\034\004\060\004\102\004\100\004\070\004\106\004\060\000\040\004\076\004\110\004\070\004\061\004\076\004\072\000\040\000\050\000C\000o\000n\000f\000u\000s\000i\000o\000n\000\040\000M\000a\000t\000r\000i\000x\000\051}{section.2}% 19
\BOOKMARK [2][-]{subsection.2.4}{\376\377\004\032\004\100\004\070\004\062\004\113\004\065\000\040\004\070\000\040\004\077\004\073\004\076\004\111\004\060\004\064\004\070\000\040\000\050\000A\000U\000C\000\051}{section.2}% 20
\BOOKMARK [2][-]{subsection.2.5}{\376\377\004\043\004\101\004\100\004\065\004\064\004\075\004\065\004\075\004\070\004\065\000\040\004\062\000\040\004\074\004\075\004\076\004\063\004\076\004\072\004\073\004\060\004\101\004\101\004\076\004\062\004\113\004\105\000\040\004\067\004\060\004\064\004\060\004\107\004\060\004\105}{section.2}% 21
\BOOKMARK [2][-]{subsection.2.6}{\376\377\004\034\004\065\004\102\004\100\004\070\004\072\004\070\000\040\004\072\004\073\004\060\004\101\004\101\004\070\004\104\004\070\004\072\004\060\004\106\004\070\004\070}{section.2}% 22
\BOOKMARK [2][-]{subsection.2.7}{\376\377\004\034\004\065\004\102\004\100\004\070\004\072\004\070\000\040\004\100\004\065\004\063\004\100\004\065\004\101\004\101\004\070\004\070}{section.2}% 23
\BOOKMARK [1][-]{section.3}{\376\377\004\032\004\100\004\076\004\101\004\101\000-\004\062\004\060\004\073\004\070\004\064\004\060\004\106\004\070\004\117\000:\000\040\004\047\004\070\004\101\004\102\004\076\004\102\004\060\000\040\004\115\004\072\004\101\004\077\004\065\004\100\004\070\004\074\004\065\004\075\004\102\004\060}{}% 24
\BOOKMARK [2][-]{subsection.3.1}{\376\377\004\047\004\102\004\076\000\040\004\102\004\060\004\072\004\076\004\065\000\040\004\072\004\100\004\076\004\101\004\101\000-\004\062\004\060\004\073\004\070\004\064\004\060\004\106\004\070\004\117\000?}{section.3}% 25
\BOOKMARK [2][-]{subsection.3.2}{\376\377\004\034\004\065\004\102\004\076\004\064\000\040\000H\000o\000l\000d\000-\000o\000u\000t}{section.3}% 26
\BOOKMARK [2][-]{subsection.3.3}{\376\377\004\041\004\102\004\100\004\060\004\102\004\070\004\104\004\070\004\072\004\060\004\106\004\070\004\117\000\040\000\050\000S\000t\000r\000a\000t\000i\000f\000i\000c\000a\000t\000i\000o\000n\000\051}{section.3}% 27
\BOOKMARK [2][-]{subsection.3.4}{\376\377\000k\000-\000F\000o\000l\000d\000\040\004\072\004\100\004\076\004\101\004\101\000-\004\062\004\060\004\073\004\070\004\064\004\060\004\106\004\070\004\117}{section.3}% 28
\BOOKMARK [2][-]{subsection.3.5}{\376\377\000L\000e\000a\000v\000e\000-\000o\000n\000e\000-\000o\000u\000t\000\040\000\050\000L\000O\000O\000\051}{section.3}% 29
\BOOKMARK [2][-]{subsection.3.6}{\376\377\000S\000t\000r\000a\000t\000i\000f\000i\000e\000d\000\040\000k\000-\000F\000o\000l\000d}{section.3}% 30
\BOOKMARK [2][-]{subsection.3.7}{\376\377\004\032\004\100\004\070\004\062\004\113\004\065\000\040\004\076\004\061\004\103\004\107\004\065\004\075\004\070\004\117\000\040\000\050\000L\000e\000a\000r\000n\000i\000n\000g\000\040\000C\000u\000r\000v\000e\000s\000\051}{section.3}% 31
\BOOKMARK [2][-]{subsection.3.8}{\376\377\004\032\004\076\004\063\004\064\004\060\000\040\004\101\004\102\004\076\004\070\004\102\000\040\004\067\004\060\004\077\004\076\004\064\004\076\004\067\004\100\004\070\004\102\004\114\000,\000\040\004\107\004\102\004\076\000\040\004\076\004\106\004\065\004\075\004\072\004\060\000\040\004\072\004\060\004\107\004\065\004\101\004\102\004\062\004\060\000\040\004\067\004\060\004\062\004\113\004\110\004\065\004\075\004\060\000?}{section.3}% 32
\BOOKMARK [2][-]{subsection.3.9}{\376\377\004\037\004\100\004\070\004\074\004\065\004\100\004\113\000\040\000\253\004\077\004\076\004\064\004\074\004\065\004\110\004\070\004\062\004\060\004\075\004\070\004\117\000\273\000\040\004\102\004\065\004\101\004\102\004\076\004\062\004\113\004\105\000\040\004\064\004\060\004\075\004\075\004\113\004\105\000\040\000\050\000D\000a\000t\000a\000\040\000L\000e\000a\000k\000a\000g\000e\000\051}{section.3}% 33
\BOOKMARK [1][-]{section.4}{\376\377\004\034\004\065\004\102\004\100\004\070\004\107\004\065\004\101\004\072\004\070\004\065\000\040\004\074\004\065\004\102\004\076\004\064\004\113\000:\000\040\000k\000-\000N\000N\000\040\004\070\000\040\004\101\004\105\004\076\004\064\004\101\004\102\004\062\004\076}{}% 34
\BOOKMARK [2][-]{subsection.4.1}{\376\377\004\020\004\073\004\063\004\076\004\100\004\070\004\102\004\074\000\040\000k\000-\004\061\004\073\004\070\004\066\004\060\004\071\004\110\004\070\004\105\000\040\004\101\004\076\004\101\004\065\004\064\004\065\004\071\000\040\000\050\000k\000-\000N\000N\000\051}{section.4}% 35
\BOOKMARK [2][-]{subsection.4.2}{\376\377\004\034\004\065\004\102\004\100\004\070\004\072\004\070\000\040\004\070\000\040\004\104\004\103\004\075\004\072\004\106\004\070\004\070\000\040\004\100\004\060\004\101\004\101\004\102\004\076\004\117\004\075\004\070\004\117}{section.4}% 36
\BOOKMARK [2][-]{subsection.4.3}{\376\377\004\034\004\076\004\064\004\070\004\104\004\070\004\072\004\060\004\106\004\070\004\070\000:\000\040\004\022\004\067\004\062\004\065\004\110\004\065\004\075\004\075\004\113\004\071\000\040\000k\000-\000N\000N}{section.4}% 37
\BOOKMARK [2][-]{subsection.4.4}{\376\377\004\057\004\064\004\065\004\100\004\075\004\060\004\117\000\040\004\100\004\065\004\063\004\100\004\065\004\101\004\101\004\070\004\117\000\040\000\050\004\044\004\076\004\100\004\074\004\103\004\073\004\060\000\040\004\035\004\060\004\064\004\060\004\100\004\060\004\117\000-\004\022\004\060\004\102\004\101\004\076\004\075\004\060\000\051}{section.4}% 38
\BOOKMARK [1][-]{section.5}{\376\377\004\036\004\077\004\102\004\070\004\074\004\070\004\067\004\060\004\106\004\070\004\117\000\040\004\077\004\076\004\070\004\101\004\072\004\060\000\040\004\061\004\073\004\070\004\066\004\060\004\071\004\110\004\070\004\105\000\040\004\101\004\076\004\101\004\065\004\064\004\065\004\071}{}% 39
\BOOKMARK [1][-]{section.6}{\376\377\004\037\004\076\004\064\004\061\004\076\004\100\000\040\004\063\004\070\004\077\004\065\004\100\004\077\004\060\004\100\004\060\004\074\004\065\004\102\004\100\004\076\004\062\000:\000\040\004\030\004\101\004\072\004\103\004\101\004\101\004\102\004\062\004\076\000\040\004\075\004\060\004\101\004\102\004\100\004\076\004\071\004\072\004\070}{}% 40
\BOOKMARK [2][-]{subsection.6.1}{\376\377\004\037\004\076\004\064\004\061\004\076\004\100\000\040\004\063\004\070\004\077\004\065\004\100\004\077\004\060\004\100\004\060\004\074\004\065\004\102\004\100\004\076\004\062\000:\000\040\004\076\004\077\004\100\004\065\004\064\004\065\004\073\004\065\004\075\004\070\004\065}{section.6}% 41
\BOOKMARK [2][-]{subsection.6.2}{\376\377\004\034\004\065\004\102\004\076\004\064\004\076\004\073\004\076\004\063\004\070\004\117\000\040\004\077\004\076\004\064\004\061\004\076\004\100\004\060}{section.6}% 42
\BOOKMARK [3][-]{subsubsection.6.2.1}{\376\377\004\041\004\105\004\065\004\074\004\060\000\040\000T\000r\000a\000i\000n\000-\000V\000a\000l\000i\000d\000a\000t\000i\000o\000n\000-\000T\000e\000s\000t}{subsection.6.2}% 43
\BOOKMARK [3][-]{subsubsection.6.2.2}{\376\377\004\032\004\100\004\076\004\101\004\101\000-\004\062\004\060\004\073\004\070\004\064\004\060\004\106\004\070\004\117}{subsection.6.2}% 44
\BOOKMARK [2][-]{subsection.6.3}{\376\377\000G\000r\000i\000d\000\040\000S\000e\000a\000r\000c\000h\000\040\000\050\004\037\004\076\004\070\004\101\004\072\000\040\004\077\004\076\000\040\004\101\004\065\004\102\004\072\004\065\000\051}{section.6}% 45
\BOOKMARK [2][-]{subsection.6.4}{\376\377\000R\000a\000n\000d\000o\000m\000\040\000S\000e\000a\000r\000c\000h\000\040\000\050\004\041\004\073\004\103\004\107\004\060\004\071\004\075\004\113\004\071\000\040\004\077\004\076\004\070\004\101\004\072\000\051}{section.6}% 46
\BOOKMARK [2][-]{subsection.6.5}{\376\377\004\037\004\100\004\076\004\064\004\062\004\070\004\075\004\103\004\102\004\113\004\065\000\040\004\074\004\065\004\102\004\076\004\064\004\113}{section.6}% 47
\BOOKMARK [2][-]{subsection.6.6}{\376\377\004\036\004\077\004\065\004\075\004\101\004\076\004\100\004\101\000-\004\061\004\070\004\061\004\073\004\070\004\076\004\102\004\065\004\072\004\070}{section.6}% 48
\BOOKMARK [1][-]{section.7}{\376\377\004\040\004\065\004\110\004\060\004\116\004\111\004\070\004\065\000\040\004\064\004\065\004\100\004\065\004\062\004\114\004\117\000:\000\040\004\037\004\065\004\100\004\065\004\105\004\076\004\064\000\040\004\072\000\040\004\075\004\065\004\073\004\070\004\075\004\065\004\071\004\075\004\076\004\101\004\102\004\070}{}% 49
\BOOKMARK [2][-]{subsection.7.1}{\376\377\004\044\004\103\004\075\004\064\004\060\004\074\004\065\004\075\004\102\004\060\004\073\004\114\004\075\004\113\004\065\000\040\004\101\004\062\004\076\004\071\004\101\004\102\004\062\004\060\000\040\004\100\004\065\004\110\004\060\004\116\004\111\004\070\004\105\000\040\004\064\004\065\004\100\004\065\004\062\004\114\004\065\004\062}{section.7}% 50
\BOOKMARK [2][-]{subsection.7.2}{\376\377\004\026\004\060\004\064\004\075\004\113\004\071\000\040\004\060\004\073\004\063\004\076\004\100\004\070\004\102\004\074\000\040\004\077\004\076\004\101\004\102\004\100\004\076\004\065\004\075\004\070\004\117}{section.7}% 51
\BOOKMARK [2][-]{subsection.7.3}{\376\377\004\032\004\100\004\070\004\102\004\065\004\100\004\070\004\070\000\040\004\062\004\065\004\102\004\062\004\073\004\065\004\075\004\070\004\117\000\040\004\070\000\040\004\070\004\075\004\104\004\076\004\100\004\074\004\060\004\102\004\070\004\062\004\075\004\076\004\101\004\102\004\114}{section.7}% 52
\BOOKMARK [2][-]{subsection.7.4}{\376\377\004\040\004\060\004\061\004\076\004\102\004\060\000\040\004\101\000\040\004\076\004\101\004\076\004\061\004\065\004\075\004\075\004\076\004\101\004\102\004\117\004\074\004\070\000\040\004\064\004\060\004\075\004\075\004\113\004\105}{section.7}% 53
\BOOKMARK [2][-]{subsection.7.5}{\376\377\004\040\004\065\004\063\004\103\004\073\004\117\004\100\004\070\004\067\004\060\004\106\004\070\004\117}{section.7}% 54
\BOOKMARK [2][-]{subsection.7.6}{\376\377\004\020\004\073\004\063\004\076\004\100\004\070\004\102\004\074\004\070\004\107\004\065\004\101\004\072\004\070\004\065\000\040\004\076\004\077\004\102\004\070\004\074\004\070\004\067\004\060\004\106\004\070\004\070\000\040\000\050\004\042\004\100\004\116\004\072\004\070\000\051}{section.7}% 55
\BOOKMARK [1][-]{section.8}{\376\377\004\023\004\100\004\060\004\064\004\070\004\065\004\075\004\102\004\075\004\113\004\071\000\040\004\061\004\103\004\101\004\102\004\070\004\075\004\063\000:\000\040\004\042\004\117\004\066\004\065\004\073\004\060\004\117\000\040\004\060\004\100\004\102\004\070\004\073\004\073\004\065\004\100\004\070\004\117}{}% 56
\BOOKMARK [2][-]{subsection.8.1}{\376\377\004\044\004\070\004\073\004\076\004\101\004\076\004\104\004\101\004\072\004\076\004\065\000\040\004\076\004\102\004\073\004\070\004\107\004\070\004\065\000:\000\040\004\021\004\103\004\101\004\102\004\070\004\075\004\063\000\040\000v\000s\000\040\004\021\004\115\004\063\004\063\004\070\004\075\004\063}{section.8}% 57
\BOOKMARK [2][-]{subsection.8.2}{\376\377\004\034\004\060\004\102\004\065\004\074\004\060\004\102\004\070\004\072\004\060\000:\000\040\004\023\004\100\004\060\004\064\004\070\004\065\004\075\004\102\004\075\004\113\004\071\000\040\004\101\004\077\004\103\004\101\004\072\000\040\004\062\000\040\004\104\004\103\004\075\004\072\004\106\004\070\004\076\004\075\004\060\004\073\004\114\004\075\004\076\004\074\000\040\004\077\004\100\004\076\004\101\004\102\004\100\004\060\004\075\004\101\004\102\004\062\004\065}{section.8}% 58
\BOOKMARK [2][-]{subsection.8.3}{\376\377\004\041\004\065\004\072\004\100\004\065\004\102\000\040\004\103\004\101\004\077\004\065\004\105\004\060\000:\000\040\004\037\004\076\004\107\004\065\004\074\004\103\000\040\004\064\004\065\004\100\004\065\004\062\004\114\004\117\000\040\004\075\004\065\004\063\004\073\004\103\004\061\004\076\004\072\004\070\004\065\000?}{section.8}% 59
\BOOKMARK [2][-]{subsection.8.4}{\376\377\004\021\004\076\004\100\004\114\004\061\004\060\000\040\004\101\000\040\000\253\004\066\004\060\004\064\004\075\004\076\004\101\004\102\004\114\004\116\000\273\000:\000\040\004\040\004\065\004\063\004\103\004\073\004\117\004\100\004\070\004\067\004\060\004\106\004\070\004\117}{section.8}% 60
\BOOKMARK [2][-]{subsection.8.5}{\376\377\004\042\004\100\004\076\004\071\004\072\004\060\000\040\004\073\004\070\004\064\004\065\004\100\004\076\004\062\000:\000\040\000X\000G\000B\000o\000o\000s\000t\000,\000\040\000L\000i\000g\000h\000t\000G\000B\000M\000,\000\040\000C\000a\000t\000B\000o\000o\000s\000t}{section.8}% 61
\BOOKMARK [2][-]{subsection.8.6}{\376\377\000C\000a\000t\000B\000o\000o\000s\000t\000\040\000\050\004\076\004\102\000\040\004\057\004\075\004\064\004\065\004\072\004\101\004\060\000\051}{section.8}% 62
\BOOKMARK [2][-]{subsection.8.7}{\376\377\000L\000i\000g\000h\000t\000G\000B\000M\000\040\000\050\004\076\004\102\000\040\000M\000i\000c\000r\000o\000s\000o\000f\000t\000\051}{section.8}% 63
\BOOKMARK [2][-]{subsection.8.8}{\376\377\000X\000G\000B\000o\000o\000s\000t}{section.8}% 64
\BOOKMARK [2][-]{subsection.8.9}{\376\377\004\030\004\075\004\102\004\065\004\100\004\077\004\100\004\065\004\102\004\060\004\106\004\070\004\117\000:\000\040\000F\000e\000a\000t\000u\000r\000e\000\040\000I\000m\000p\000o\000r\000t\000a\000n\000c\000e}{section.8}% 65
